// Jest Snapshot v1, https://goo.gl/fbAQLP

exports[`Pagination.vue matched snapshot 1`] = `
<div class="pagination">
  <ul class="pagination-list">
    <li>
      <router-link to="[object Object]" class="current"><span>1</span></router-link>
    </li>
    <li>
      <router-link to="[object Object]" class=""><span>2</span></router-link>
    </li>
    <li>
      <router-link to="[object Object]" class=""><span>3</span></router-link>
    </li>
    <li>
      <router-link to="[object Object]" class=""><span>4</span></router-link>
    </li>
    <li>
      <router-link to="[object Object]" class=""><span>5</span></router-link>
    </li>
    <li>
      <router-link to="[object Object]" class=""><span>6</span></router-link>
    </li>
    <li>
      <router-link to="[object Object]" class=""><span>7</span></router-link>
    </li>
    <li>
      <router-link to="[object Object]" class=""><span>8</span></router-link>
    </li>
    <li>
      <router-link to="[object Object]" class=""><span>9</span></router-link>
    </li>
    <li>
      <router-link to="[object Object]" class=""><span>10</span></router-link>
    </li>
  </ul>
</div>
`;
